Copyright 1986-2019 Xilinx, Inc. All Rights Reserved.
-----------------------------------------------------------------------------------------------------------------------------------------------------------------------------------------------------------------
| Tool Version : Vivado v.2019.1 (lin64) Build 2552052 Fri May 24 14:47:09 MDT 2019
| Date         : Mon Mar 29 12:24:05 2021
| Host         : WT-SP4U running 64-bit Ubuntu 20.04.2 LTS
| Command      : report_methodology -file vcu_DT_blk_design_wrapper_methodology_drc_routed.rpt -pb vcu_DT_blk_design_wrapper_methodology_drc_routed.pb -rpx vcu_DT_blk_design_wrapper_methodology_drc_routed.rpx
| Design       : vcu_DT_blk_design_wrapper
| Device       : xcvu9p-flga2104-2L-e
| Speed File   : -2L
| Design State : Fully Routed
-----------------------------------------------------------------------------------------------------------------------------------------------------------------------------------------------------------------

Report Methodology

Table of Contents
-----------------
1. REPORT SUMMARY
2. REPORT DETAILS

1. REPORT SUMMARY
-----------------
            Netlist: netlist
          Floorplan: design_1
      Design limits: <entire design considered>
             Max violations: <unlimited>
             Violations found: 0
+------+----------+-------------+------------+
| Rule | Severity | Description | Violations |
+------+----------+-------------+------------+
+------+----------+-------------+------------+

2. REPORT DETAILS
-----------------

